Microchip MPLAB XC8 Compiler V1.42 ()

Linker command line:

-W-3 --edf=C:\Program Files (x86)\Microchip\xc8\v1.42\dat\en_msgs.txt -cs \
  -h+dist/default/production\PTL30_fader_Master_test3.production.sym \
  --cmf=dist/default/production\PTL30_fader_Master_test3.production.cmf -z \
  -Q16F18855 -oC:\Users\OZHall\AppData\Local\Temp\s7b0.2 \
  -Mdist/default/production/PTL30_fader_Master_test3.production.map -E1 \
  -ver=XC8 -ASTACK=02064h-023efh -pstack=STACK -ACODE=00h-07FFhx4 \
  -ASTRCODE=00h-01FFFh -ASTRING=00h-0FFhx32 -ACONST=00h-0FFhx32 \
  -AENTRY=00h-0FFhx32 -ACOMMON=070h-07Fh -ABANK0=020h-06Fh \
  -ABANK1=0A0h-0EFh -ABANK2=0120h-016Fh -ABANK3=01A0h-01EFh \
  -ABANK4=0220h-026Fh -ABANK5=02A0h-02EFh -ABANK6=0320h-036Fh \
  -ABANK7=03A0h-03EFh -ABANK8=0420h-046Fh -ABANK9=04A0h-04EFh \
  -ABANK10=0520h-056Fh -ABANK11=05A0h-05EFh -ABANK12=0620h-064Fh \
  -ABIGRAM=02000h-023EFh \
  -ARAM=020h-06Fh,0A0h-0EFh,0120h-016Fh,01A0h-01EFh,0220h-026Fh,02A0h-02EFh,0320h-036Fh,03A0h-03EFh,0420h-046Fh,04A0h-04EFh,0520h-056Fh,05A0h-05EFh,0620h-064Fh \
  -AABS1=020h-07Fh,0A0h-0EFh,0120h-016Fh,01A0h-01EFh,0220h-026Fh,02A0h-02EFh,0320h-036Fh,03A0h-03EFh,0420h-046Fh,04A0h-04EFh,0520h-056Fh,05A0h-05EFh,0620h-064Fh \
  -ASFR0=00h-01Fh -ASFR1=080h-09Fh -ASFR2=0100h-011Fh -ASFR3=0180h-019Fh \
  -ASFR4=0200h-021Fh -ASFR5=0280h-029Fh -ASFR6=0300h-031Fh \
  -ASFR7=0380h-039Fh -ASFR8=0400h-041Fh -ASFR9=0480h-049Fh \
  -ASFR10=0500h-051Fh -ASFR11=0580h-059Fh -ASFR12=0600h-061Fh \
  -ASFR13=0680h-06EFh -ASFR14=0700h-076Fh -ASFR15=0780h-07EFh \
  -ASFR16=0800h-086Fh -ASFR17=0880h-08EFh -ASFR18=0900h-096Fh \
  -ASFR19=0980h-09EFh -ASFR20=0A00h-0A6Fh -ASFR21=0A80h-0AEFh \
  -ASFR22=0B00h-0B6Fh -ASFR23=0B80h-0BEFh -ASFR24=0C00h-0C6Fh \
  -ASFR25=0C80h-0CEFh -ASFR26=0D00h-0D6Fh -ASFR27=0D80h-0DEFh \
  -ASFR28=0E00h-0E6Fh -ASFR29=0E80h-0EEFh -ASFR30=0F00h-0F6Fh \
  -ASFR31=0F80h-0FEFh -preset_vec=00h,intentry=04h,init,end_init \
  -ppowerup=CODE -pcinit=CODE -pfunctab=CODE -ACONFIG=08007h-0800Bh \
  -pconfig=CONFIG -DCONFIG=2 -AIDLOC=08000h-08003h -pidloc=IDLOC -DIDLOC=2 \
  -AEEDATA=00h-0FFh/0F000h -peeprom_data=EEDATA -DEEDATA=2 -DCODE=2 \
  -DSTRCODE=2 -DSTRING=2 -DCONST=2 -DENTRY=2 -k \
  C:\Users\OZHall\AppData\Local\Temp\s7b0.obj \
  dist/default/production\PTL30_fader_Master_test3.production.obj 

Object code version is 3.11

Machine type is 16F18855



                Name                               Link     Load   Length Selector   Space Scale
C:\Users\OZHall\AppData\Local\Temp\s7b0.obj
                end_init                             20       20        2        8       0
                reset_vec                             0        0        2        0       0
                config                             8007     8007        5    1000E       0
dist/default/production\PTL30_fader_Master_test3.production.obj
                cinit                                22       22       23        8       0
                intentry                              4        4       1C        8       0
                text18                              523      523        1      A46       0
                text17                              4DE      4DE       12      936       0
                text16                              49B      49B       18      936       0
                swtext1                             483      483       18      906       0
                text15                               45       45      13B        8       0
                text13                              4CA      4CA       14      936       0
                text12                              380      380       46        8       0
                text11                              42C      42C       20        8       0
                text10                              404      404       28        8       0
                text9                               257      257       74        8       0
                text8                               468      468       1B        8       0
                text7                               4B3      4B3       17      936       0
                text6                               50C      50C        9      936       0
                text5                               3C6      3C6       3E        8       0
                text4                               500      500        C      936       0
                text3                               44C      44C       1C        8       0
                text2                               32D      32D       53        8       0
                text1                               2CB      2CB       62        8       0
                maintext                            180      180       D7        8       0
                cstackBANK0                          20       20       41       20       1
                cstackCOMMON                         77       77        7       70       1
                clrtext                             51B      51B        6      936       0
                inittext                            515      515        6      936       0
                dataBANK1                            A0       A0       10       A0       1
                bssBANK1                             B0       B0        4       A0       1
                bssBANK0                             61       61        E       20       1
                bssCOMMON                            70       70        7       70       1
                stringtext1                         521      521        2      A42       0
                idataBANK1                          4F0      4F0       10      936       0

TOTAL           Name                               Link     Load   Length     Space
        CLASS   STACK          

        CLASS   CODE           
                end_init                             20       20        2         0
                cinit                                22       22       23         0
                intentry                              4        4       1C         0
                reset_vec                             0        0        2         0
                text18                              523      523        1         0
                text17                              4DE      4DE       12         0
                text16                              49B      49B       18         0
                text15                               45       45      13B         0
                text13                              4CA      4CA       14         0
                text12                              380      380       46         0
                text11                              42C      42C       20         0
                text10                              404      404       28         0
                text9                               257      257       74         0
                text8                               468      468       1B         0
                text7                               4B3      4B3       17         0
                text6                               50C      50C        9         0
                text5                               3C6      3C6       3E         0
                text4                               500      500        C         0
                text3                               44C      44C       1C         0
                text2                               32D      32D       53         0
                text1                               2CB      2CB       62         0
                maintext                            180      180       D7         0
                clrtext                             51B      51B        6         0
                inittext                            515      515        6         0
                idataBANK1                          4F0      4F0       10         0

        CLASS   STRCODE        
                stringtext1                         521      521        2         0

        CLASS   STRING         

        CLASS   CONST          
                swtext1                             483      483       18         0

        CLASS   ENTRY          

        CLASS   COMMON         
                cstackCOMMON                         77       77        7         1
                bssCOMMON                            70       70        7         1

        CLASS   BANK0          
                cstackBANK0                          20       20       41         1
                bssBANK0                             61       61        E         1

        CLASS   BANK1          
                dataBANK1                            A0       A0       10         1
                bssBANK1                             B0       B0        4         1

        CLASS   BANK2          

        CLASS   BANK3          

        CLASS   BANK4          

        CLASS   BANK5          

        CLASS   BANK6          

        CLASS   BANK7          

        CLASS   BANK8          

        CLASS   BANK9          

        CLASS   BANK10         

        CLASS   BANK11         

        CLASS   BANK12         

        CLASS   BIGRAM         

        CLASS   RAM            

        CLASS   ABS1           
                abs_s1                               7E       7E        2         1

        CLASS   SFR0           

        CLASS   SFR1           

        CLASS   SFR2           

        CLASS   SFR3           

        CLASS   SFR4           

        CLASS   SFR5           

        CLASS   SFR6           

        CLASS   SFR7           

        CLASS   SFR8           

        CLASS   SFR9           

        CLASS   SFR10          

        CLASS   SFR11          

        CLASS   SFR12          

        CLASS   SFR13          

        CLASS   SFR14          

        CLASS   SFR15          

        CLASS   SFR16          

        CLASS   SFR17          

        CLASS   SFR18          

        CLASS   SFR19          

        CLASS   SFR20          

        CLASS   SFR21          

        CLASS   SFR22          

        CLASS   SFR23          

        CLASS   SFR24          

        CLASS   SFR25          

        CLASS   SFR26          

        CLASS   SFR27          

        CLASS   SFR28          

        CLASS   SFR29          

        CLASS   SFR30          

        CLASS   SFR31          

        CLASS   CONFIG         
                config                             8007     8007        5         0

        CLASS   IDLOC          

        CLASS   EEDATA         

        CLASS   BANK31         

        CLASS   BANK30         

        CLASS   BANK29         

        CLASS   BANK28         

        CLASS   BANK27         

        CLASS   BANK26         

        CLASS   BANK25         

        CLASS   BANK24         

        CLASS   BANK23         

        CLASS   BANK22         

        CLASS   BANK21         

        CLASS   BANK20         

        CLASS   BANK19         

        CLASS   BANK18         

        CLASS   BANK17         

        CLASS   BANK16         

        CLASS   BANK15         

        CLASS   BANK14         

        CLASS   BANK13         



SEGMENTS        Name                           Load    Length   Top    Selector   Space  Class     Delta

                reset_vec                      000000  000002  000002         0       0  CODE        2
                intentry                       000004  00047F  000483         8       0  CODE        2
                cstackBANK0                    000020  00004F  00006F        20       1  BANK0       1
                bssCOMMON                      000070  00000E  00007E        70       1  COMMON      1
                dataBANK1                      0000A0  000014  0000B4        A0       1  BANK1       1
                swtext1                        000483  000018  00049B       906       0  CONST       2
                text16                         00049B  000086  000521       936       0  CODE        2
                stringtext1                    000521  000002  000523       A42       0  STRCODE     2
                text18                         000523  000001  000524       A46       0  CODE        2
                config                         008007  000005  00800C     1000E       0  CONFIG      2


UNUSED ADDRESS RANGES

        Name                Unused          Largest block    Delta
        BANK0            0006F-0006F               1           1
        BANK1            000B4-000EF              3C           1
        BANK10           00520-0056F              50           1
        BANK11           005A0-005EF              50           1
        BANK12           00620-0064F              30           1
        BANK2            00120-0016F              50           1
        BANK3            001A0-001EF              50           1
        BANK4            00220-0026F              50           1
        BANK5            002A0-002EF              50           1
        BANK6            00320-0036F              50           1
        BANK7            003A0-003EF              50           1
        BANK8            00420-0046F              50           1
        BANK9            004A0-004EF              50           1
        BIGRAM           02000-023EF             3F0           1
        CODE             00002-00003               2           2
                         00524-01FFF             800
        CONST            00002-00003               2           2
                         00524-01FFF             100
        EEDATA           0F000-0F0FF             100           2
        ENTRY            00002-00003               2           2
                         00524-01FFF             100
        IDLOC            08000-08003               4           2
        RAM              0006F-0006F               1           1
                         000B4-000EF              3C
                         00120-0016F              50
                         001A0-001EF              50
                         00220-0026F              50
                         002A0-002EF              50
                         00320-0036F              50
                         003A0-003EF              50
                         00420-0046F              50
                         004A0-004EF              50
                         00520-0056F              50
                         005A0-005EF              50
                         00620-0064F              30
        SFR0             00000-0001F              20           1
        SFR1             00080-0009F              20           1
        SFR10            00500-0051F              20           1
        SFR11            00580-0059F              20           1
        SFR12            00600-0061F              20           1
        SFR13            00680-006EF              70           1
        SFR14            00700-0076F              70           1
        SFR15            00780-007EF              70           1
        SFR16            00800-0086F              70           1
        SFR17            00880-008EF              70           1
        SFR18            00900-0096F              70           1
        SFR19            00980-009EF              70           1
        SFR2             00100-0011F              20           1
        SFR20            00A00-00A6F              70           1
        SFR21            00A80-00AEF              70           1
        SFR22            00B00-00B6F              70           1
        SFR23            00B80-00BEF              70           1
        SFR24            00C00-00C6F              70           1
        SFR25            00C80-00CEF              70           1
        SFR26            00D00-00D6F              70           1
        SFR27            00D80-00DEF              70           1
        SFR28            00E00-00E6F              70           1
        SFR29            00E80-00EEF              70           1
        SFR3             00180-0019F              20           1
        SFR30            00F00-00F6F              70           1
        SFR31            00F80-00FEF              70           1
        SFR4             00200-0021F              20           1
        SFR5             00280-0029F              20           1
        SFR6             00300-0031F              20           1
        SFR7             00380-0039F              20           1
        SFR8             00400-0041F              20           1
        SFR9             00480-0049F              20           1
        STACK            02064-023EF             38C           1
        STRCODE          00002-00003               2           2
                         00524-01FFF            1ADC
        STRING           00002-00003               2           2
                         00524-01FFF             100

                                  Symbol Table

?_ADCC_GetSingleConversion              cstackBANK0  00020
?___wmul                                cstackBANK0  00020
ADCC_GetSingleConversion@channel        cstackBANK0  00023
I2C1_ISR@i2c_10bit_address_restart      bssBANK0     00066
I2C1_ISR@i2c_address                    bssCOMMON    00075
I2C1_ISR@i2c_bytes_left                 bssCOMMON    00070
I2C1_ISR@pi2c_buf_ptr                   bssCOMMON    00071
I2C1_MasterRead@trBlock                 bssBANK1     000B0
I2C1_MasterTRBInsert@count              cstackBANK0  00023
I2C1_MasterTRBInsert@pflag              cstackBANK0  00021
I2C1_MasterTRBInsert@ptrb_list          cstackBANK0  00020
I2C1_MasterWrite@address                cstackBANK0  00028
I2C1_MasterWrite@length                 cstackBANK0  00027
I2C1_MasterWrite@pdata                  cstackBANK0  0002D
I2C1_MasterWrite@pflag                  cstackBANK0  0002A
I2C1_MasterWrite@trBlock                bssBANK0     00068
I2C1_MasterWriteTRBBuild@address        cstackBANK0  00022
I2C1_MasterWriteTRBBuild@length         cstackBANK0  00021
I2C1_MasterWriteTRBBuild@pdata          cstackBANK0  00020
I2C1_MasterWriteTRBBuild@ptrb           cstackBANK0  00026
I2C1_Stop@completion_code               cstackCOMMON 00078
MYI2C_Write2LEDBytes@F14421             dataBANK1    000A0
MYI2C_Write2LEDBytes@LSBWriteByte       cstackBANK0  0002F
MYI2C_Write2LEDBytes@MSBWriteByte       cstackBANK0  0002E
MYI2C_Write2LEDBytes@counter            cstackBANK0  0004A
MYI2C_Write2LEDBytes@dataAddress        cstackBANK0  00044
MYI2C_Write2LEDBytes@nCount             cstackBANK0  00047
MYI2C_Write2LEDBytes@pD                 cstackBANK0  00046
MYI2C_Write2LEDBytes@pointerByte        cstackBANK0  0004E
MYI2C_Write2LEDBytes@slaveDeviceAddress cstackBANK0  00049
MYI2C_Write2LEDBytes@sourceData         cstackBANK0  00034
MYI2C_Write2LEDBytes@status             cstackBANK0  00052
MYI2C_Write2LEDBytes@timeOut            cstackBANK0  0004C
MYI2C_Write2LEDBytes@writeBuffer        cstackBANK0  0004F
PIN_MANAGER_Initialize@state            cstackBANK0  00020
_ADACCH                                 (abs)        00091
_ADACCL                                 (abs)        00090
_ADACQ                                  (abs)        0009D
_ADACT                                  (abs)        00099
_ADCAP                                  (abs)        0009B
_ADCC_GetSingleConversion               text13       004CA
_ADCC_Initialize                        text8        00468
_ADCLK                                  (abs)        00098
_ADCNT                                  (abs)        0010C
_ADCON0                                 (abs)        00093
_ADCON0bits                             (abs)        00093
_ADCON1                                 (abs)        00094
_ADCON1bits                             (abs)        00094
_ADCON2                                 (abs)        00095
_ADCON2bits                             (abs)        00095
_ADCON3                                 (abs)        00096
_ADCON3bits                             (abs)        00096
_ADERRH                                 (abs)        00117
_ADERRL                                 (abs)        00116
_ADFLTRH                                (abs)        00115
_ADFLTRL                                (abs)        00114
_ADLTHH                                 (abs)        0010F
_ADLTHL                                 (abs)        0010E
_ADPCH                                  (abs)        0009E
_ADPRE                                  (abs)        0009C
_ADPREVH                                (abs)        0008F
_ADPREVL                                (abs)        0008E
_ADREF                                  (abs)        0009A
_ADRESH                                 (abs)        0008D
_ADRESL                                 (abs)        0008C
_ADRPT                                  (abs)        0010D
_ADSTAT                                 (abs)        00097
_ADSTATbits                             (abs)        00097
_ADSTPTH                                (abs)        00113
_ADSTPTL                                (abs)        00112
_ADUTHH                                 (abs)        00111
_ADUTHL                                 (abs)        00110
_ANSELA                                 (abs)        00F38
_ANSELB                                 (abs)        00F43
_ANSELC                                 (abs)        00F4E
_GIE                                    (abs)        0005F
_I2C1_BusCollisionISR                   text18       00523
_I2C1_FunctionComplete                  text17       004DE
_I2C1_ISR                               text15       00045
_I2C1_Initialize                        text7        004B3
_I2C1_MasterTRBInsert                   text12       00380
_I2C1_MasterWrite                       text10       00404
_I2C1_MasterWriteTRBBuild               text11       0042C
_I2C1_Stop                              text16       0049B
_INTCONbits                             (abs)        0000B
_INTERRUPT_InterruptManager             intentry     00004
_LATA                                   (abs)        00016
_LATB                                   (abs)        00017
_LATC                                   (abs)        00018
_MYI2C_Write2LEDBytes                   text9        00257
_ODCONA                                 (abs)        00F3A
_ODCONB                                 (abs)        00F45
_ODCONC                                 (abs)        00F50
_OSCCON1                                (abs)        0088D
_OSCCON3                                (abs)        0088F
_OSCEN                                  (abs)        00891
_OSCFRQ                                 (abs)        00893
_OSCILLATOR_Initialize                  text6        0050C
_OSCTUNE                                (abs)        00892
_PIE3bits                               (abs)        00719
_PIN_MANAGER_Initialize                 text5        003C6
_PIR3bits                               (abs)        0070F
_PORTB                                  (abs)        0000D
_PORTC                                  (abs)        0000E
_PPSLOCK                                (abs)        00E8F
_PPSLOCKbits                            (abs)        00E8F
_RC3PPS                                 (abs)        00F23
_RC4PPS                                 (abs)        00F24
_SSP1ADD                                (abs)        0018D
_SSP1BUF                                (abs)        0018C
_SSP1CLKPPSbits                         (abs)        00EC5
_SSP1CON1                               (abs)        00190
_SSP1CON1bits                           (abs)        00190
_SSP1CON2bits                           (abs)        00191
_SSP1CON3                               (abs)        00192
_SSP1DATPPSbits                         (abs)        00EC6
_SSP1STAT                               (abs)        0018F
_SYSTEM_Initialize                      text4        00500
_TRISA                                  (abs)        00011
_TRISB                                  (abs)        00012
_TRISC                                  (abs)        00013
_WPUA                                   (abs)        00F39
_WPUB                                   (abs)        00F44
_WPUC                                   (abs)        00F4F
_WPUE                                   (abs)        00F65
__CFG_BOREN$ON                          (abs)        00000
__CFG_BORV$LO                           (abs)        00000
__CFG_CLKOUTEN$OFF                      (abs)        00000
__CFG_CP$OFF                            (abs)        00000
__CFG_CPD$OFF                           (abs)        00000
__CFG_CSWEN$ON                          (abs)        00000
__CFG_DEBUG$OFF                         (abs)        00000
__CFG_FCMEN$ON                          (abs)        00000
__CFG_FEXTOSC$OFF                       (abs)        00000
__CFG_LPBOREN$OFF                       (abs)        00000
__CFG_LVP$OFF                           (abs)        00000
__CFG_MCLRE$ON                          (abs)        00000
__CFG_PPS1WAY$ON                        (abs)        00000
__CFG_PWRTE$OFF                         (abs)        00000
__CFG_RSTOSC$HFINT1                     (abs)        00000
__CFG_SCANE$available                   (abs)        00000
__CFG_STVREN$ON                         (abs)        00000
__CFG_WDTCCS$SC                         (abs)        00000
__CFG_WDTCPS$WDTCPS_31                  (abs)        00000
__CFG_WDTCWS$WDTCWS_7                   (abs)        00000
__CFG_WDTE$OFF                          (abs)        00000
__CFG_WRT$OFF                           (abs)        00000
__CFG_ZCD$OFF                           (abs)        00000
__Habs1                                 abs1         00000
__Hbank0                                bank0        00000
__Hbank1                                bank1        00000
__Hbank10                               bank10       00000
__Hbank11                               bank11       00000
__Hbank12                               bank12       00000
__Hbank13                               bank13       00000
__Hbank14                               bank14       00000
__Hbank15                               bank15       00000
__Hbank16                               bank16       00000
__Hbank17                               bank17       00000
__Hbank18                               bank18       00000
__Hbank19                               bank19       00000
__Hbank2                                bank2        00000
__Hbank20                               bank20       00000
__Hbank21                               bank21       00000
__Hbank22                               bank22       00000
__Hbank23                               bank23       00000
__Hbank24                               bank24       00000
__Hbank25                               bank25       00000
__Hbank26                               bank26       00000
__Hbank27                               bank27       00000
__Hbank28                               bank28       00000
__Hbank29                               bank29       00000
__Hbank3                                bank3        00000
__Hbank30                               bank30       00000
__Hbank31                               bank31       00000
__Hbank4                                bank4        00000
__Hbank5                                bank5        00000
__Hbank6                                bank6        00000
__Hbank7                                bank7        00000
__Hbank8                                bank8        00000
__Hbank9                                bank9        00000
__Hbigram                               bigram       00000
__HbssBANK0                             bssBANK0     00000
__HbssBANK1                             bssBANK1     00000
__HbssCOMMON                            bssCOMMON    00000
__Hcinit                                cinit        00045
__Hclrtext                              clrtext      00000
__Hcode                                 code         00000
__Hcommon                               common       00000
__Hconfig                               config       0800C
__HcstackBANK0                          cstackBANK0  00000
__HcstackCOMMON                         cstackCOMMON 00000
__HdataBANK1                            dataBANK1    00000
__Heeprom_data                          eeprom_data  00000
__Hend_init                             end_init     00022
__Hfunctab                              functab      00000
__HidataBANK1                           idataBANK1   00000
__Hidloc                                idloc        00000
__Hinit                                 init         00020
__Hinittext                             inittext     00000
__Hintentry                             intentry     00020
__Hmaintext                             maintext     00000
__Hpowerup                              powerup      00000
__Hram                                  ram          00000
__Hreset_vec                            reset_vec    00002
__Hsfr0                                 sfr0         00000
__Hsfr1                                 sfr1         00000
__Hsfr10                                sfr10        00000
__Hsfr11                                sfr11        00000
__Hsfr12                                sfr12        00000
__Hsfr13                                sfr13        00000
__Hsfr14                                sfr14        00000
__Hsfr15                                sfr15        00000
__Hsfr16                                sfr16        00000
__Hsfr17                                sfr17        00000
__Hsfr18                                sfr18        00000
__Hsfr19                                sfr19        00000
__Hsfr2                                 sfr2         00000
__Hsfr20                                sfr20        00000
__Hsfr21                                sfr21        00000
__Hsfr22                                sfr22        00000
__Hsfr23                                sfr23        00000
__Hsfr24                                sfr24        00000
__Hsfr25                                sfr25        00000
__Hsfr26                                sfr26        00000
__Hsfr27                                sfr27        00000
__Hsfr28                                sfr28        00000
__Hsfr29                                sfr29        00000
__Hsfr3                                 sfr3         00000
__Hsfr30                                sfr30        00000
__Hsfr31                                sfr31        00000
__Hsfr4                                 sfr4         00000
__Hsfr5                                 sfr5         00000
__Hsfr6                                 sfr6         00000
__Hsfr7                                 sfr7         00000
__Hsfr8                                 sfr8         00000
__Hsfr9                                 sfr9         00000
__Hspace_0                              (abs)        0800C
__Hspace_1                              (abs)        000B4
__Hspace_2                              (abs)        00000
__Hspace_3                              (abs)        00000
__Hstack                                stack        00000
__Hstrings                              strings      00000
__Hstringtext1                          stringtext1  00000
__Htext                                 text         00000
__Labs1                                 abs1         00000
__Lbank0                                bank0        00000
__Lbank1                                bank1        00000
__Lbank10                               bank10       00000
__Lbank11                               bank11       00000
__Lbank12                               bank12       00000
__Lbank13                               bank13       00000
__Lbank14                               bank14       00000
__Lbank15                               bank15       00000
__Lbank16                               bank16       00000
__Lbank17                               bank17       00000
__Lbank18                               bank18       00000
__Lbank19                               bank19       00000
__Lbank2                                bank2        00000
__Lbank20                               bank20       00000
__Lbank21                               bank21       00000
__Lbank22                               bank22       00000
__Lbank23                               bank23       00000
__Lbank24                               bank24       00000
__Lbank25                               bank25       00000
__Lbank26                               bank26       00000
__Lbank27                               bank27       00000
__Lbank28                               bank28       00000
__Lbank29                               bank29       00000
__Lbank3                                bank3        00000
__Lbank30                               bank30       00000
__Lbank31                               bank31       00000
__Lbank4                                bank4        00000
__Lbank5                                bank5        00000
__Lbank6                                bank6        00000
__Lbank7                                bank7        00000
__Lbank8                                bank8        00000
__Lbank9                                bank9        00000
__Lbigram                               bigram       00000
__LbssBANK0                             bssBANK0     00000
__LbssBANK1                             bssBANK1     00000
__LbssCOMMON                            bssCOMMON    00000
__Lcinit                                cinit        00022
__Lclrtext                              clrtext      00000
__Lcode                                 code         00000
__Lcommon                               common       00000
__Lconfig                               config       08007
__LcstackBANK0                          cstackBANK0  00000
__LcstackCOMMON                         cstackCOMMON 00000
__LdataBANK1                            dataBANK1    00000
__Leeprom_data                          eeprom_data  00000
__Lend_init                             end_init     00020
__Lfunctab                              functab      00000
__LidataBANK1                           idataBANK1   00000
__Lidloc                                idloc        00000
__Linit                                 init         00020
__Linittext                             inittext     00000
__Lintentry                             intentry     00004
__Lmaintext                             maintext     00000
__Lpowerup                              powerup      00000
__Lram                                  ram          00000
__Lreset_vec                            reset_vec    00000
__Lsfr0                                 sfr0         00000
__Lsfr1                                 sfr1         00000
__Lsfr10                                sfr10        00000
__Lsfr11                                sfr11        00000
__Lsfr12                                sfr12        00000
__Lsfr13                                sfr13        00000
__Lsfr14                                sfr14        00000
__Lsfr15                                sfr15        00000
__Lsfr16                                sfr16        00000
__Lsfr17                                sfr17        00000
__Lsfr18                                sfr18        00000
__Lsfr19                                sfr19        00000
__Lsfr2                                 sfr2         00000
__Lsfr20                                sfr20        00000
__Lsfr21                                sfr21        00000
__Lsfr22                                sfr22        00000
__Lsfr23                                sfr23        00000
__Lsfr24                                sfr24        00000
__Lsfr25                                sfr25        00000
__Lsfr26                                sfr26        00000
__Lsfr27                                sfr27        00000
__Lsfr28                                sfr28        00000
__Lsfr29                                sfr29        00000
__Lsfr3                                 sfr3         00000
__Lsfr30                                sfr30        00000
__Lsfr31                                sfr31        00000
__Lsfr4                                 sfr4         00000
__Lsfr5                                 sfr5         00000
__Lsfr6                                 sfr6         00000
__Lsfr7                                 sfr7         00000
__Lsfr8                                 sfr8         00000
__Lsfr9                                 sfr9         00000
__Lspace_0                              (abs)        00000
__Lspace_1                              (abs)        00000
__Lspace_2                              (abs)        00000
__Lspace_3                              (abs)        00000
__Lstack                                stack        00000
__Lstrings                              strings      00000
__Lstringtext1                          stringtext1  00000
__Ltext                                 text         00000
__S0                                    (abs)        0800C
__S1                                    (abs)        000B4
__S2                                    (abs)        00000
__S3                                    (abs)        00000
___int_sp                               stack        00000
___latbits                              (abs)        00002
___sp                                   stack        00000
___wmul                                 text3        0044C
___wmul@multiplicand                    cstackBANK0  00022
___wmul@multiplier                      cstackBANK0  00020
___wmul@product                         cstackBANK0  00024
__end_of_ADCC_GetSingleConversion       text13       004DE
__end_of_ADCC_Initialize                text8        00483
__end_of_I2C1_BusCollisionISR           text18       00524
__end_of_I2C1_FunctionComplete          text17       004F0
__end_of_I2C1_ISR                       text15       00180
__end_of_I2C1_Initialize                text7        004CA
__end_of_I2C1_MasterTRBInsert           text12       003C6
__end_of_I2C1_MasterWrite               text10       0042C
__end_of_I2C1_MasterWriteTRBBuild       text11       0044C
__end_of_I2C1_Stop                      text16       004B3
__end_of_INTERRUPT_InterruptManager     intentry     00020
__end_of_MYI2C_Write2LEDBytes           text9        002CB
__end_of_OSCILLATOR_Initialize          text6        00515
__end_of_PIN_MANAGER_Initialize         text5        00404
__end_of_SYSTEM_Initialize              text4        0050C
__end_of___wmul                         text3        00468
__end_of__initialization                cinit        00041
__end_of_blinkyLoop                     text1        0032D
__end_of_cMstrClkAdjust                 stringtext1  00523
__end_of_delay                          text2        00380
__end_of_main                           maintext     00257
__initialization                        cinit        00022
__pbssBANK0                             bssBANK0     00061
__pbssBANK1                             bssBANK1     000B0
__pbssCOMMON                            bssCOMMON    00070
__pcstackBANK0                          cstackBANK0  00020
__pcstackCOMMON                         cstackCOMMON 00077
__pdataBANK1                            dataBANK1    000A0
__pidataBANK1                           idataBANK1   004F0
__pintentry                             intentry     00004
__pmaintext                             maintext     00180
__pstringtext1                          stringtext1  00521
__pswtext1                              swtext1      00483
__ptext1                                text1        002CB
__ptext10                               text10       00404
__ptext11                               text11       0042C
__ptext12                               text12       00380
__ptext13                               text13       004CA
__ptext15                               text15       00045
__ptext16                               text16       0049B
__ptext17                               text17       004DE
__ptext18                               text18       00523
__ptext2                                text2        0032D
__ptext3                                text3        0044C
__ptext4                                text4        00500
__ptext5                                text5        003C6
__ptext6                                text6        0050C
__ptext7                                text7        004B3
__ptext8                                text8        00468
__ptext9                                text9        00257
__size_of_ADCC_GetSingleConversion      (abs)        00000
__size_of_ADCC_Initialize               (abs)        00000
__size_of_I2C1_BusCollisionISR          (abs)        00000
__size_of_I2C1_FunctionComplete         (abs)        00000
__size_of_I2C1_ISR                      (abs)        00000
__size_of_I2C1_Initialize               (abs)        00000
__size_of_I2C1_MasterTRBInsert          (abs)        00000
__size_of_I2C1_MasterWrite              (abs)        00000
__size_of_I2C1_MasterWriteTRBBuild      (abs)        00000
__size_of_I2C1_Stop                     (abs)        00000
__size_of_INTERRUPT_InterruptManager    (abs)        00000
__size_of_MYI2C_Write2LEDBytes          (abs)        00000
__size_of_OSCILLATOR_Initialize         (abs)        00000
__size_of_PIN_MANAGER_Initialize        (abs)        00000
__size_of_SYSTEM_Initialize             (abs)        00000
__size_of___wmul                        (abs)        00000
__size_of_blinkyLoop                    (abs)        00000
__size_of_delay                         (abs)        00000
__size_of_main                          (abs)        00000
_blinkyLoop                             text1        002CB
_cMstrClkAdjust                         stringtext1  00521
_delay                                  text2        0032D
_i2c1_object                            bssBANK0     00061
_i2c1_state                             bssBANK0     00067
_i2c1_tr_queue                          bssBANK0     0006C
_i2c1_trb_count                         bssCOMMON    00074
_main                                   maintext     00180
_p_i2c1_current                         bssCOMMON    00072
_p_i2c1_trb_current                     bssCOMMON    00073
blinkyLoop@delayTime                    cstackBANK0  00034
blinkyLoop@loopCount                    cstackBANK0  00036
blinkyLoop@maxLoops                     cstackBANK0  00031
btemp                                   (abs)        0007E
clear_ram0                              clrtext      0051B
delay@adjustedDelaytime                 cstackBANK0  00029
delay@counter                           cstackBANK0  0002D
delay@delaytime                         cstackBANK0  00026
end_of_initialization                   cinit        00041
init_ram                                inittext     00515
int$flags                               (abs)        0007E
intlevel0                               functab      00000
intlevel1                               functab      00000
intlevel2                               functab      00000
intlevel3                               functab      00000
intlevel4                               functab      00000
intlevel5                               functab      00000
main@I2C_ADDRESS_FADELED0               cstackBANK0  00059
main@fader8bitValue                     cstackBANK0  0005C
main@faderValue                         cstackBANK0  0005F
main@iCounter                           cstackBANK0  0005D
main@iLSByte                            cstackBANK0  00057
main@iMSByte                            cstackBANK0  0005A
main@prevFader8bitValue                 cstackBANK0  00056
reset_vec                               reset_vec    00000
stackhi                                 (abs)        023EF
stacklo                                 (abs)        02064
start                                   init         00020
start_initialization                    cinit        00022
wtemp0                                  (abs)        0007E


FUNCTION INFORMATION:

 *************** function _main *****************
 Defined at:
		line 121 in file "main.c"
 Parameters:    Size  Location     Type
		None
 Auto vars:     Size  Location     Type
  faderValue      2   63[BANK0 ] int 
  iCounter        2   61[BANK0 ] unsigned int 
  iMSByte         2   58[BANK0 ] unsigned int 
  iLSByte         2   55[BANK0 ] unsigned int 
  fader8bitVal    1   60[BANK0 ] unsigned char 
  I2C_ADDRESS_    1   57[BANK0 ] unsigned char 
  prevFader8bi    1   54[BANK0 ] unsigned char 
 Return value:  Size  Location     Type
                  1    wreg      void 
 Registers used:
		wreg, fsr0l, fsr0h, fsr1l, fsr1h, status,2, status,0, pclath, cstack
 Tracked objects:
		On entry : 
		On exit  : 
		Unchanged: 
 Data sizes:     COMMON   BANK0   BANK1   BANK2   BANK3   BANK4   BANK5   BANK6   BANK7   BANK8   BANK9  BANK10  BANK11  BANK12
      Params:         0       0       0       0       0       0       0       0       0       0       0       0       0       0
      Locals:         0      11       0       0       0       0       0       0       0       0       0       0       0       0
      Temps:          0       3       0       0       0       0       0       0       0       0       0       0       0       0
      Totals:         0      14       0       0       0       0       0       0       0       0       0       0       0       0
Total ram usage:       14 bytes
 Hardware stack levels required when called:    6
 This function calls:
		_ADCC_GetSingleConversion
		_MYI2C_Write2LEDBytes
		_SYSTEM_Initialize
		_blinkyLoop
		_delay
 This function is called by:
		Startup code after reset
 This function uses a non-reentrant model


 *************** function _blinkyLoop *****************
 Defined at:
		line 86 in file "main.c"
 Parameters:    Size  Location     Type
  maxLoops        2   17[BANK0 ] int 
 Auto vars:     Size  Location     Type
  loopCount       2   22[BANK0 ] int 
  delayTime       2   20[BANK0 ] int 
 Return value:  Size  Location     Type
                  1    wreg      void 
 Registers used:
		wreg, fsr0l, fsr0h, status,2, status,0, pclath, cstack
 Tracked objects:
		On entry : 
		On exit  : 
		Unchanged: 
 Data sizes:     COMMON   BANK0   BANK1   BANK2   BANK3   BANK4   BANK5   BANK6   BANK7   BANK8   BANK9  BANK10  BANK11  BANK12
      Params:         0       2       0       0       0       0       0       0       0       0       0       0       0       0
      Locals:         0       4       0       0       0       0       0       0       0       0       0       0       0       0
      Temps:          0       1       0       0       0       0       0       0       0       0       0       0       0       0
      Totals:         0       7       0       0       0       0       0       0       0       0       0       0       0       0
Total ram usage:        7 bytes
 Hardware stack levels used:    1
 Hardware stack levels required when called:    5
 This function calls:
		___wmul
		_delay
 This function is called by:
		_main
 This function uses a non-reentrant model


 *************** function _delay *****************
 Defined at:
		line 78 in file "main.c"
 Parameters:    Size  Location     Type
  delaytime       2    6[BANK0 ] int 
 Auto vars:     Size  Location     Type
  counter         4   13[BANK0 ] long 
  adjustedDela    4    9[BANK0 ] long 
 Return value:  Size  Location     Type
                  1    wreg      void 
 Registers used:
		wreg, fsr0l, fsr0h, status,2, status,0, pclath, cstack
 Tracked objects:
		On entry : 
		On exit  : 
		Unchanged: 
 Data sizes:     COMMON   BANK0   BANK1   BANK2   BANK3   BANK4   BANK5   BANK6   BANK7   BANK8   BANK9  BANK10  BANK11  BANK12
      Params:         0       2       0       0       0       0       0       0       0       0       0       0       0       0
      Locals:         0       8       0       0       0       0       0       0       0       0       0       0       0       0
      Temps:          0       1       0       0       0       0       0       0       0       0       0       0       0       0
      Totals:         0      11       0       0       0       0       0       0       0       0       0       0       0       0
Total ram usage:       11 bytes
 Hardware stack levels used:    1
 Hardware stack levels required when called:    4
 This function calls:
		___wmul
 This function is called by:
		_blinkyLoop
		_main
 This function uses a non-reentrant model


 *************** function ___wmul *****************
 Defined at:
		line 15 in file "C:\Program Files (x86)\Microchip\xc8\v1.42\sources\common\Umul16.c"
 Parameters:    Size  Location     Type
  multiplier      2    0[BANK0 ] unsigned int 
  multiplicand    2    2[BANK0 ] unsigned int 
 Auto vars:     Size  Location     Type
  product         2    4[BANK0 ] unsigned int 
 Return value:  Size  Location     Type
                  2    0[BANK0 ] unsigned int 
 Registers used:
		wreg, status,2, status,0
 Tracked objects:
		On entry : 
		On exit  : 
		Unchanged: 
 Data sizes:     COMMON   BANK0   BANK1   BANK2   BANK3   BANK4   BANK5   BANK6   BANK7   BANK8   BANK9  BANK10  BANK11  BANK12
      Params:         0       4       0       0       0       0       0       0       0       0       0       0       0       0
      Locals:         0       2       0       0       0       0       0       0       0       0       0       0       0       0
      Temps:          0       0       0       0       0       0       0       0       0       0       0       0       0       0
      Totals:         0       6       0       0       0       0       0       0       0       0       0       0       0       0
Total ram usage:        6 bytes
 Hardware stack levels used:    1
 Hardware stack levels required when called:    3
 This function calls:
		Nothing
 This function is called by:
		_delay
		_blinkyLoop
 This function uses a non-reentrant model


 *************** function _SYSTEM_Initialize *****************
 Defined at:
		line 83 in file "mcc_generated_files/mcc.c"
 Parameters:    Size  Location     Type
		None
 Auto vars:     Size  Location     Type
		None
 Return value:  Size  Location     Type
                  1    wreg      void 
 Registers used:
		wreg, status,2, status,0, pclath, cstack
 Tracked objects:
		On entry : 
		On exit  : 
		Unchanged: 
 Data sizes:     COMMON   BANK0   BANK1   BANK2   BANK3   BANK4   BANK5   BANK6   BANK7   BANK8   BANK9  BANK10  BANK11  BANK12
      Params:         0       0       0       0       0       0       0       0       0       0       0       0       0       0
      Locals:         0       0       0       0       0       0       0       0       0       0       0       0       0       0
      Temps:          0       0       0       0       0       0       0       0       0       0       0       0       0       0
      Totals:         0       0       0       0       0       0       0       0       0       0       0       0       0       0
Total ram usage:        0 bytes
 Hardware stack levels used:    1
 Hardware stack levels required when called:    4
 This function calls:
		_ADCC_Initialize
		_I2C1_Initialize
		_OSCILLATOR_Initialize
		_PIN_MANAGER_Initialize
 This function is called by:
		_main
 This function uses a non-reentrant model


 *************** function _PIN_MANAGER_Initialize *****************
 Defined at:
		line 52 in file "mcc_generated_files/pin_manager.c"
 Parameters:    Size  Location     Type
		None
 Auto vars:     Size  Location     Type
  state           1    0[BANK0 ] unsigned char 
 Return value:  Size  Location     Type
                  1    wreg      void 
 Registers used:
		wreg, status,2, status,0
 Tracked objects:
		On entry : 
		On exit  : 
		Unchanged: 
 Data sizes:     COMMON   BANK0   BANK1   BANK2   BANK3   BANK4   BANK5   BANK6   BANK7   BANK8   BANK9  BANK10  BANK11  BANK12
      Params:         0       0       0       0       0       0       0       0       0       0       0       0       0       0
      Locals:         0       1       0       0       0       0       0       0       0       0       0       0       0       0
      Temps:          0       0       0       0       0       0       0       0       0       0       0       0       0       0
      Totals:         0       1       0       0       0       0       0       0       0       0       0       0       0       0
Total ram usage:        1 bytes
 Hardware stack levels used:    1
 Hardware stack levels required when called:    3
 This function calls:
		Nothing
 This function is called by:
		_SYSTEM_Initialize
 This function uses a non-reentrant model


 *************** function _OSCILLATOR_Initialize *****************
 Defined at:
		line 92 in file "mcc_generated_files/mcc.c"
 Parameters:    Size  Location     Type
		None
 Auto vars:     Size  Location     Type
		None
 Return value:  Size  Location     Type
                  1    wreg      void 
 Registers used:
		wreg, status,2
 Tracked objects:
		On entry : 
		On exit  : 
		Unchanged: 
 Data sizes:     COMMON   BANK0   BANK1   BANK2   BANK3   BANK4   BANK5   BANK6   BANK7   BANK8   BANK9  BANK10  BANK11  BANK12
      Params:         0       0       0       0       0       0       0       0       0       0       0       0       0       0
      Locals:         0       0       0       0       0       0       0       0       0       0       0       0       0       0
      Temps:          0       0       0       0       0       0       0       0       0       0       0       0       0       0
      Totals:         0       0       0       0       0       0       0       0       0       0       0       0       0       0
Total ram usage:        0 bytes
 Hardware stack levels used:    1
 Hardware stack levels required when called:    3
 This function calls:
		Nothing
 This function is called by:
		_SYSTEM_Initialize
 This function uses a non-reentrant model


 *************** function _I2C1_Initialize *****************
 Defined at:
		line 198 in file "mcc_generated_files/i2c1.c"
 Parameters:    Size  Location     Type
		None
 Auto vars:     Size  Location     Type
		None
 Return value:  Size  Location     Type
                  1    wreg      void 
 Registers used:
		wreg, status,2
 Tracked objects:
		On entry : 
		On exit  : 
		Unchanged: 
 Data sizes:     COMMON   BANK0   BANK1   BANK2   BANK3   BANK4   BANK5   BANK6   BANK7   BANK8   BANK9  BANK10  BANK11  BANK12
      Params:         0       0       0       0       0       0       0       0       0       0       0       0       0       0
      Locals:         0       0       0       0       0       0       0       0       0       0       0       0       0       0
      Temps:          0       1       0       0       0       0       0       0       0       0       0       0       0       0
      Totals:         0       1       0       0       0       0       0       0       0       0       0       0       0       0
Total ram usage:        1 bytes
 Hardware stack levels used:    1
 Hardware stack levels required when called:    3
 This function calls:
		Nothing
 This function is called by:
		_SYSTEM_Initialize
 This function uses a non-reentrant model


 *************** function _ADCC_Initialize *****************
 Defined at:
		line 62 in file "mcc_generated_files/adcc.c"
 Parameters:    Size  Location     Type
		None
 Auto vars:     Size  Location     Type
		None
 Return value:  Size  Location     Type
                  1    wreg      void 
 Registers used:
		wreg, status,2
 Tracked objects:
		On entry : 
		On exit  : 
		Unchanged: 
 Data sizes:     COMMON   BANK0   BANK1   BANK2   BANK3   BANK4   BANK5   BANK6   BANK7   BANK8   BANK9  BANK10  BANK11  BANK12
      Params:         0       0       0       0       0       0       0       0       0       0       0       0       0       0
      Locals:         0       0       0       0       0       0       0       0       0       0       0       0       0       0
      Temps:          0       0       0       0       0       0       0       0       0       0       0       0       0       0
      Totals:         0       0       0       0       0       0       0       0       0       0       0       0       0       0
Total ram usage:        0 bytes
 Hardware stack levels used:    1
 Hardware stack levels required when called:    3
 This function calls:
		Nothing
 This function is called by:
		_SYSTEM_Initialize
 This function uses a non-reentrant model


 *************** function _MYI2C_Write2LEDBytes *****************
 Defined at:
		line 209 in file "main.c"
 Parameters:    Size  Location     Type
  slaveDeviceA    1    wreg     unsigned char 
  MSBWriteByte    1   14[BANK0 ] unsigned char 
  LSBWriteByte    1   15[BANK0 ] unsigned char 
 Auto vars:     Size  Location     Type
  slaveDeviceA    1   41[BANK0 ] unsigned char 
  sourceData     16   20[BANK0 ] unsigned char [16]
  writeBuffer     3   47[BANK0 ] unsigned char [3]
  timeOut         2   44[BANK0 ] unsigned int 
  counter         2   42[BANK0 ] unsigned int 
  nCount          2   39[BANK0 ] unsigned int 
  dataAddress     2   36[BANK0 ] unsigned int 
  pData           2    0        PTR unsigned char 
  status          1   50[BANK0 ] enum E14261
  pointerByte     1   46[BANK0 ] unsigned char 
  pD              1   38[BANK0 ] PTR unsigned char 
		 -> MYI2C_Write2LEDBytes@sourceData(16), 
 Return value:  Size  Location     Type
                  1    wreg      void 
 Registers used:
		wreg, fsr0l, fsr0h, fsr1l, fsr1h, status,2, status,0, pclath, cstack
 Tracked objects:
		On entry : 
		On exit  : 
		Unchanged: 
 Data sizes:     COMMON   BANK0   BANK1   BANK2   BANK3   BANK4   BANK5   BANK6   BANK7   BANK8   BANK9  BANK10  BANK11  BANK12
      Params:         0       2       0       0       0       0       0       0       0       0       0       0       0       0
      Locals:         0      31       0       0       0       0       0       0       0       0       0       0       0       0
      Temps:          0       4       0       0       0       0       0       0       0       0       0       0       0       0
      Totals:         0      37       0       0       0       0       0       0       0       0       0       0       0       0
Total ram usage:       37 bytes
 Hardware stack levels used:    1
 Hardware stack levels required when called:    5
 This function calls:
		_I2C1_MasterWrite
 This function is called by:
		_main
 This function uses a non-reentrant model


 *************** function _I2C1_MasterWrite *****************
 Defined at:
		line 598 in file "mcc_generated_files/i2c1.c"
 Parameters:    Size  Location     Type
  pdata           1    wreg     PTR unsigned char 
		 -> MYI2C_Write2LEDBytes@writeBuffer(3), 
  length          1    7[BANK0 ] unsigned char 
  address         2    8[BANK0 ] unsigned int 
  pflag           1   10[BANK0 ] PTR enum E14254
		 -> MYI2C_Write2LEDBytes@status(1), 
 Auto vars:     Size  Location     Type
  pdata           1   13[BANK0 ] PTR unsigned char 
		 -> MYI2C_Write2LEDBytes@writeBuffer(3), 
 Return value:  Size  Location     Type
                  1    wreg      void 
 Registers used:
		wreg, fsr1l, fsr1h, status,2, status,0, pclath, cstack
 Tracked objects:
		On entry : 
		On exit  : 
		Unchanged: 
 Data sizes:     COMMON   BANK0   BANK1   BANK2   BANK3   BANK4   BANK5   BANK6   BANK7   BANK8   BANK9  BANK10  BANK11  BANK12
      Params:         0       4       0       0       0       0       0       0       0       0       0       0       0       0
      Locals:         0       1       0       0       0       0       0       0       0       0       0       0       0       0
      Temps:          0       2       0       0       0       0       0       0       0       0       0       0       0       0
      Totals:         0       7       0       0       0       0       0       0       0       0       0       0       0       0
Total ram usage:        7 bytes
 Hardware stack levels used:    1
 Hardware stack levels required when called:    4
 This function calls:
		_I2C1_MasterTRBInsert
		_I2C1_MasterWriteTRBBuild
 This function is called by:
		_MYI2C_Write2LEDBytes
 This function uses a non-reentrant model


 *************** function _I2C1_MasterWriteTRBBuild *****************
 Defined at:
		line 707 in file "mcc_generated_files/i2c1.c"
 Parameters:    Size  Location     Type
  ptrb            1    wreg     PTR struct .
		 -> I2C1_MasterWrite@trBlock(4), 
  pdata           1    0[BANK0 ] PTR unsigned char 
		 -> MYI2C_Write2LEDBytes@writeBuffer(3), 
  length          1    1[BANK0 ] unsigned char 
  address         2    2[BANK0 ] unsigned int 
 Auto vars:     Size  Location     Type
  ptrb            1    6[BANK0 ] PTR struct .
		 -> I2C1_MasterWrite@trBlock(4), 
 Return value:  Size  Location     Type
                  1    wreg      void 
 Registers used:
		wreg, fsr1l, fsr1h, status,2, status,0
 Tracked objects:
		On entry : 
		On exit  : 
		Unchanged: 
 Data sizes:     COMMON   BANK0   BANK1   BANK2   BANK3   BANK4   BANK5   BANK6   BANK7   BANK8   BANK9  BANK10  BANK11  BANK12
      Params:         0       4       0       0       0       0       0       0       0       0       0       0       0       0
      Locals:         0       1       0       0       0       0       0       0       0       0       0       0       0       0
      Temps:          0       2       0       0       0       0       0       0       0       0       0       0       0       0
      Totals:         0       7       0       0       0       0       0       0       0       0       0       0       0       0
Total ram usage:        7 bytes
 Hardware stack levels used:    1
 Hardware stack levels required when called:    3
 This function calls:
		Nothing
 This function is called by:
		_I2C1_MasterWrite
 This function uses a non-reentrant model


 *************** function _I2C1_MasterTRBInsert *****************
 Defined at:
		line 641 in file "mcc_generated_files/i2c1.c"
 Parameters:    Size  Location     Type
  count           1    wreg     unsigned char 
  ptrb_list       1    0[BANK0 ] PTR struct .
		 -> I2C1_MasterRead@trBlock(4), I2C1_MasterWrite@trBlock(4), 
  pflag           1    1[BANK0 ] PTR enum E14254
		 -> MYI2C_Write2LEDBytes@status(1), 
 Auto vars:     Size  Location     Type
  count           1    3[BANK0 ] unsigned char 
 Return value:  Size  Location     Type
                  1    wreg      void 
 Registers used:
		wreg, fsr1l, fsr1h, status,2, status,0
 Tracked objects:
		On entry : 
		On exit  : 
		Unchanged: 
 Data sizes:     COMMON   BANK0   BANK1   BANK2   BANK3   BANK4   BANK5   BANK6   BANK7   BANK8   BANK9  BANK10  BANK11  BANK12
      Params:         0       2       0       0       0       0       0       0       0       0       0       0       0       0
      Locals:         0       1       0       0       0       0       0       0       0       0       0       0       0       0
      Temps:          0       1       0       0       0       0       0       0       0       0       0       0       0       0
      Totals:         0       4       0       0       0       0       0       0       0       0       0       0       0       0
Total ram usage:        4 bytes
 Hardware stack levels used:    1
 Hardware stack levels required when called:    3
 This function calls:
		Nothing
 This function is called by:
		_I2C1_MasterWrite
		_I2C1_MasterRead
 This function uses a non-reentrant model


 *************** function _ADCC_GetSingleConversion *****************
 Defined at:
		line 132 in file "mcc_generated_files/adcc.c"
 Parameters:    Size  Location     Type
  channel         1    wreg     enum E14254
 Auto vars:     Size  Location     Type
  channel         1    3[BANK0 ] enum E14254
 Return value:  Size  Location     Type
                  2    0[BANK0 ] unsigned int 
 Registers used:
		wreg
 Tracked objects:
		On entry : 
		On exit  : 
		Unchanged: 
 Data sizes:     COMMON   BANK0   BANK1   BANK2   BANK3   BANK4   BANK5   BANK6   BANK7   BANK8   BANK9  BANK10  BANK11  BANK12
      Params:         0       3       0       0       0       0       0       0       0       0       0       0       0       0
      Locals:         0       1       0       0       0       0       0       0       0       0       0       0       0       0
      Temps:          0       0       0       0       0       0       0       0       0       0       0       0       0       0
      Totals:         0       4       0       0       0       0       0       0       0       0       0       0       0       0
Total ram usage:        4 bytes
 Hardware stack levels used:    1
 Hardware stack levels required when called:    3
 This function calls:
		Nothing
 This function is called by:
		_main
 This function uses a non-reentrant model


 *************** function _INTERRUPT_InterruptManager *****************
 Defined at:
		line 51 in file "mcc_generated_files/interrupt_manager.c"
 Parameters:    Size  Location     Type
		None
 Auto vars:     Size  Location     Type
		None
 Return value:  Size  Location     Type
                  1    wreg      void 
 Registers used:
		wreg, fsr0l, fsr0h, fsr1l, fsr1h, status,2, status,0, pclath, cstack
 Tracked objects:
		On entry : 
		On exit  : 
		Unchanged: 
 Data sizes:     COMMON   BANK0   BANK1   BANK2   BANK3   BANK4   BANK5   BANK6   BANK7   BANK8   BANK9  BANK10  BANK11  BANK12
      Params:         0       0       0       0       0       0       0       0       0       0       0       0       0       0
      Locals:         0       0       0       0       0       0       0       0       0       0       0       0       0       0
      Temps:          1       0       0       0       0       0       0       0       0       0       0       0       0       0
      Totals:         1       0       0       0       0       0       0       0       0       0       0       0       0       0
Total ram usage:        1 bytes
 Hardware stack levels used:    1
 Hardware stack levels required when called:    2
 This function calls:
		_I2C1_BusCollisionISR
		_I2C1_ISR
 This function is called by:
		Interrupt level 1
 This function uses a non-reentrant model


 *************** function _I2C1_ISR *****************
 Defined at:
		line 233 in file "mcc_generated_files/i2c1.c"
 Parameters:    Size  Location     Type
		None
 Auto vars:     Size  Location     Type
		None
 Return value:  Size  Location     Type
                  1    wreg      void 
 Registers used:
		wreg, fsr0l, fsr0h, fsr1l, fsr1h, status,2, status,0, pclath, cstack
 Tracked objects:
		On entry : 
		On exit  : 
		Unchanged: 
 Data sizes:     COMMON   BANK0   BANK1   BANK2   BANK3   BANK4   BANK5   BANK6   BANK7   BANK8   BANK9  BANK10  BANK11  BANK12
      Params:         0       0       0       0       0       0       0       0       0       0       0       0       0       0
      Locals:         0       0       0       0       0       0       0       0       0       0       0       0       0       0
      Temps:          4       0       0       0       0       0       0       0       0       0       0       0       0       0
      Totals:         4       0       0       0       0       0       0       0       0       0       0       0       0       0
Total ram usage:        4 bytes
 Hardware stack levels used:    1
 Hardware stack levels required when called:    1
 This function calls:
		_I2C1_FunctionComplete
		_I2C1_Stop
 This function is called by:
		_INTERRUPT_InterruptManager
 This function uses a non-reentrant model


 *************** function _I2C1_Stop *****************
 Defined at:
		line 581 in file "mcc_generated_files/i2c1.c"
 Parameters:    Size  Location     Type
  completion_c    1    wreg     enum E14254
 Auto vars:     Size  Location     Type
  completion_c    1    1[COMMON] enum E14254
 Return value:  Size  Location     Type
                  1    wreg      void 
 Registers used:
		wreg, fsr1l, fsr1h, status,2, status,0
 Tracked objects:
		On entry : 
		On exit  : 
		Unchanged: 
 Data sizes:     COMMON   BANK0   BANK1   BANK2   BANK3   BANK4   BANK5   BANK6   BANK7   BANK8   BANK9  BANK10  BANK11  BANK12
      Params:         0       0       0       0       0       0       0       0       0       0       0       0       0       0
      Locals:         1       0       0       0       0       0       0       0       0       0       0       0       0       0
      Temps:          1       0       0       0       0       0       0       0       0       0       0       0       0       0
      Totals:         2       0       0       0       0       0       0       0       0       0       0       0       0       0
Total ram usage:        2 bytes
 Hardware stack levels used:    1
 This function calls:
		Nothing
 This function is called by:
		_I2C1_ISR
 This function uses a non-reentrant model


 *************** function _I2C1_FunctionComplete *****************
 Defined at:
		line 563 in file "mcc_generated_files/i2c1.c"
 Parameters:    Size  Location     Type
		None
 Auto vars:     Size  Location     Type
		None
 Return value:  Size  Location     Type
                  1    wreg      void 
 Registers used:
		wreg, status,2, status,0
 Tracked objects:
		On entry : 
		On exit  : 
		Unchanged: 
 Data sizes:     COMMON   BANK0   BANK1   BANK2   BANK3   BANK4   BANK5   BANK6   BANK7   BANK8   BANK9  BANK10  BANK11  BANK12
      Params:         0       0       0       0       0       0       0       0       0       0       0       0       0       0
      Locals:         0       0       0       0       0       0       0       0       0       0       0       0       0       0
      Temps:          1       0       0       0       0       0       0       0       0       0       0       0       0       0
      Totals:         1       0       0       0       0       0       0       0       0       0       0       0       0       0
Total ram usage:        1 bytes
 Hardware stack levels used:    1
 This function calls:
		Nothing
 This function is called by:
		_I2C1_ISR
 This function uses a non-reentrant model


 *************** function _I2C1_BusCollisionISR *****************
 Defined at:
		line 728 in file "mcc_generated_files/i2c1.c"
 Parameters:    Size  Location     Type
		None
 Auto vars:     Size  Location     Type
		None
 Return value:  Size  Location     Type
                  1    wreg      void 
 Registers used:
		None
 Tracked objects:
		On entry : 
		On exit  : 
		Unchanged: 
 Data sizes:     COMMON   BANK0   BANK1   BANK2   BANK3   BANK4   BANK5   BANK6   BANK7   BANK8   BANK9  BANK10  BANK11  BANK12
      Params:         0       0       0       0       0       0       0       0       0       0       0       0       0       0
      Locals:         0       0       0       0       0       0       0       0       0       0       0       0       0       0
      Temps:          0       0       0       0       0       0       0       0       0       0       0       0       0       0
      Totals:         0       0       0       0       0       0       0       0       0       0       0       0       0       0
Total ram usage:        0 bytes
 Hardware stack levels used:    1
 This function calls:
		Nothing
 This function is called by:
		_INTERRUPT_InterruptManager
 This function uses a non-reentrant model



MODULE INFORMATION

Module		Function		Class		Link	Load	Size
mcc_generated_files/interrupt_manager.c
		_INTERRUPT_InterruptManager		CODE           	0004	0000	29

mcc_generated_files/interrupt_manager.c estimated size: 29

mcc_generated_files/i2c1.c
		_I2C1_BusCollisionISR		CODE           	0523	0000	2
		_I2C1_FunctionComplete		CODE           	04DE	0000	19
		_I2C1_MasterWriteTRBBuild		CODE           	042C	0000	33
		_I2C1_ISR      		CODE           	0045	0000	316
		_I2C1_MasterWrite		CODE           	0404	0000	41
		_I2C1_Initialize		CODE           	04B3	0000	24
		_I2C1_Stop     		CODE           	049B	0000	25
		_I2C1_MasterTRBInsert		CODE           	0380	0000	71

mcc_generated_files/i2c1.c estimated size: 531

mcc_generated_files/pin_manager.c
		_PIN_MANAGER_Initialize		CODE           	03C6	0000	63

mcc_generated_files/pin_manager.c estimated size: 63

shared
		__initialization		CODE           	0022	0000	32
		_cMstrClkAdjust		STRCODE        	0521	0000	3

shared estimated size: 35

mcc_generated_files/mcc.c
		_OSCILLATOR_Initialize		CODE           	050C	0000	10
		_SYSTEM_Initialize		CODE           	0500	0000	13

mcc_generated_files/mcc.c estimated size: 23

mcc_generated_files/adcc.c
		_ADCC_GetSingleConversion		CODE           	04CA	0000	21
		_ADCC_Initialize		CODE           	0468	0000	28

mcc_generated_files/adcc.c estimated size: 49

C:\Program Files (x86)\Microchip\xc8\v1.42\sources\common\Umul16.c
		___wmul        		CODE           	044C	0000	29

C:\Program Files (x86)\Microchip\xc8\v1.42\sources\common\Umul16.c estimated size: 29

main.c
		_MYI2C_Write2LEDBytes		CODE           	0257	0000	117
		_delay         		CODE           	032D	0000	84
		_main          		CODE           	0180	0000	216
		_blinkyLoop    		CODE           	02CB	0000	99

main.c estimated size: 516

